------------------------------------------------------------
TimeQuest Timing Analyzer Summary
------------------------------------------------------------

Type  : Slow Model Setup 'prescaler:u1|clkint'
Slack : -2.688
TNS   : -101.316

Type  : Slow Model Setup 'CLOCK_50'
Slack : -1.616
TNS   : -12.912

Type  : Slow Model Hold 'CLOCK_50'
Slack : -2.687
TNS   : -2.687

Type  : Slow Model Hold 'prescaler:u1|clkint'
Slack : 0.391
TNS   : 0.000

Type  : Slow Model Minimum Pulse Width 'CLOCK_50'
Slack : -1.380
TNS   : -14.380

Type  : Slow Model Minimum Pulse Width 'prescaler:u1|clkint'
Slack : -0.500
TNS   : -43.000

Type  : Fast Model Setup 'prescaler:u1|clkint'
Slack : -0.692
TNS   : -24.461

Type  : Fast Model Setup 'CLOCK_50'
Slack : -0.194
TNS   : -0.582

Type  : Fast Model Hold 'CLOCK_50'
Slack : -1.678
TNS   : -1.678

Type  : Fast Model Hold 'prescaler:u1|clkint'
Slack : 0.215
TNS   : 0.000

Type  : Fast Model Minimum Pulse Width 'CLOCK_50'
Slack : -1.380
TNS   : -14.380

Type  : Fast Model Minimum Pulse Width 'prescaler:u1|clkint'
Slack : -0.500
TNS   : -43.000

------------------------------------------------------------
